params:
- tune
- --help
output:
  exit_code: 0
  stdout: |
    Usage: base-callback tune [OPTIONS]

    Options:
      --runs INTEGER                  The number of runs to attempt to train the
                                      model.  [default: 1]
      --engine TEXT                   The optimizer to use to perform the
                                      hyperparameter tuning. Options: wandb, optuna,
                                      skopt.  [default: wandb]
      --id TEXT                       The ID of this hyperparameter tuning job. If
                                      using wandb, then this is the sweep id. If
                                      using optuna, then this is the storage. If
                                      using skopt, then this is the file to store
                                      the results.
      --name TEXT                     An informative name for this hyperparameter
                                      tuning job. If empty, then it creates a name
                                      from the project name.
      --method TEXT                   The sampling method to use to perform the
                                      hyperparameter tuning.  [default: random]
      --min-iter INTEGER              The minimum number of iterations if using
                                      early termination. If left empty, then early
                                      termination is not used.
      --seed INTEGER                  A seed for the random number generator.
      --distributed / --no-distributed
                                      If the learner is distributed.  [default: no-
                                      distributed]
      --fp16 / --no-fp16              Whether or not the floating-point precision of
                                      learner should be set to 16 bit.  [default:
                                      fp16]
      --output-dir PATH               The location of the output directory.
                                      [default: ./outputs]
      --weight-decay FLOAT            The amount of weight decay. If None then it
                                      uses the default amount of weight decay in
                                      fastai.
      --csv PATH                      The CSV which has the sequences to use.
      --base-dir PATH                 The base directory with the RefSeq HDF5 files.
      --batch-size INTEGER            The batch size.  [default: 32]
      --dataloader-type [PLAIN|WEIGHTED|STRATIFIED]
                                      [default: DataloaderType.PLAIN]
      --embedding-dim INTEGER         The size of the embeddings for the nucleotides
                                      (N, A, G, C, T).
      --filters INTEGER               The number of filters in each of the 1D
                                      convolution layers. These are concatenated
                                      together  [default: 256]
      --cnn-layers INTEGER            The number of 1D convolution layers.
      --kernel-size-maxpool INTEGER   The size of the pooling before going to the
                                      LSTM.  [default: 2]
      --lstm-dims INTEGER             The size of the hidden layers in the LSTM in
                                      both directions.  [default: 256]
      --final-layer-dims INTEGER      The size of a dense layer after the LSTM. If
                                      this is zero then this layer isn't used.
                                      [default: 0]
      --dropout FLOAT                 The amount of dropout to use. (not currently
                                      enabled)
      --final-bias / --no-final-bias  Whether or not to use bias in the final layer.
      --cnn-only / --no-cnn-only      [default: cnn-only]
      --kernel-size INTEGER           The size of the kernels for CNN only
                                      classifier.
      --cnn-dims-start INTEGER        The size of the number of filters in the first
                                      CNN layer. If not set then it is derived from
                                      the MACC
      --factor FLOAT                  The factor to multiply the number of filters
                                      in the CNN layers each time it is downscaled.
      --penultimate-dims INTEGER      The factor to multiply the number of filters
                                      in the CNN layers each time it is downscaled.
      --macc INTEGER                  The approximate number of multiply or
                                      accumulate operations in the model. Used to
                                      set cnn_dims_start if not provided explicitly.
                                      [default: 10000000]
      --epochs INTEGER                The number of epochs.  [default: 20]
      --freeze-epochs INTEGER         The number of epochs to train when the learner
                                      is frozen and the last layer is trained by
                                      itself. Only if `fine_tune` is set on the app.
                                      [default: 3]
      --learning-rate FLOAT           The base learning rate (when fine tuning) or
                                      the max learning rate otherwise.  [default:
                                      0.0001]
      --project-name TEXT             The name for this project for logging
                                      purposes.
      --run-name TEXT                 The name for this particular run for logging
                                      purposes.
      --run-id TEXT                   A unique ID for this particular run for
                                      logging purposes.
      --notes TEXT                    A longer description of the run for logging
                                      purposes.
      --tag TEXT                      A tag for logging purposes. Multiple tags can
                                      be added each introduced with --tag.
      --wandb / --no-wandb            Whether or not to use 'Weights and Biases' for
                                      logging.  [default: no-wandb]
      --wandb-mode TEXT               The mode for 'Weights and Biases'.  [default:
                                      online]
      --wandb-dir PATH                The location for 'Weights and Biases' output.
      --wandb-entity TEXT             An entity is a username or team name where
                                      you're sending runs.
      --wandb-group TEXT              Specify a group to organize individual runs
                                      into a larger experiment.
      --wandb-job-type TEXT           Specify the type of run, which is useful when
                                      you're grouping runs together into larger
                                      experiments using group.
      --mlflow / --no-mlflow          Whether or not to use MLflow for logging.
                                      [default: no-mlflow]
      --help                          Show this message and exit.
