params: {}
output: https://github.com/rbturnbull/corgi/releases/download/v0.2.2-alpha/corgi-learner-0.2.2.pkl
