params: {}
output: |-
  ConvRecurrantClassifier(
    (embed): Embedding(5, 16)
    (dropout): Dropout(p=0.5, inplace=False)
    (convolutions): ModuleList(
      (0): Conv1d(16, 256, kernel_size=(5,), stride=(1,), padding=same)
      (1): Conv1d(16, 256, kernel_size=(7,), stride=(1,), padding=same)
      (2): Conv1d(16, 256, kernel_size=(9,), stride=(1,), padding=same)
      (3): Conv1d(16, 256, kernel_size=(11,), stride=(1,), padding=same)
      (4): Conv1d(16, 256, kernel_size=(13,), stride=(1,), padding=same)
      (5): Conv1d(16, 256, kernel_size=(15,), stride=(1,), padding=same)
    )
    (pool): MaxPool1d(kernel_size=2, stride=2, padding=0, dilation=1, ceil_mode=False)
    (bi_lstm): LSTM(1536, 256, batch_first=True, bidirectional=True)
    (logits): Linear(in_features=512, out_features=12, bias=True)
  )
