params: {}
output: '[(''rank_accuracy'', RankAccuracyTorchMetric())]'
